2024-12-22 10:45:00 WARNING: Unauthorized access attempt
2024-12-22 10:46:00 ERROR: Failed login for user 'admin'
